::ffff:127.0.0.1 - - [20/Sep/2020:04:31:41 +0000] "GET /manufactor/nguyn%20khoa%20hng%20thnh%20hong%20thy%20minh%20anh%20nguyn%20qunh%20nh/product-list/products/query?min_price=0&max_price=75791&page=1 HTTP/1.1" 304 - "http://localhost:3000/manufactor/nguyn%20khoa%20hng%20thnh%20hong%20thy%20minh%20anh%20nguyn%20qunh%20nh/products?page=1&min_price=0&max_price=75791" "Mozilla/5.0 (X11; Linux x86_64) AppleWebKit/537.36 (KHTML, like Gecko) Chrome/84.0.4147.89 Safari/537.36"
::ffff:127.0.0.1 - - [20/Sep/2020:04:32:11 +0000] "GET /auth/user HTTP/1.1" 304 - "http://localhost:3000/manufactor/nguyn%20khoa%20hng%20thnh%20hong%20thy%20minh%20anh%20nguyn%20qunh%20nh/products?page=1&min_price=0&max_price=75791" "Mozilla/5.0 (X11; Linux x86_64) AppleWebKit/537.36 (KHTML, like Gecko) Chrome/84.0.4147.89 Safari/537.36"
::ffff:127.0.0.1 - - [20/Sep/2020:04:32:11 +0000] "GET /manufactor/nguyn%20khoa%20hng%20thnh%20hong%20thy%20minh%20anh%20nguyn%20qunh%20nh/product-list/products/query?min_price=0&max_price=75791&page=1 HTTP/1.1" 304 - "http://localhost:3000/manufactor/nguyn%20khoa%20hng%20thnh%20hong%20thy%20minh%20anh%20nguyn%20qunh%20nh/products?page=1&min_price=0&max_price=75791" "Mozilla/5.0 (X11; Linux x86_64) AppleWebKit/537.36 (KHTML, like Gecko) Chrome/84.0.4147.89 Safari/537.36"
::1 - - [20/Sep/2020:04:32:11 +0000] "GET /images/avatar-default.png HTTP/1.1" 304 - "http://localhost:3000/manufactor/nguyn%20khoa%20hng%20thnh%20hong%20thy%20minh%20anh%20nguyn%20qunh%20nh/products?page=1&min_price=0&max_price=75791" "Mozilla/5.0 (X11; Linux x86_64) AppleWebKit/537.36 (KHTML, like Gecko) Chrome/84.0.4147.89 Safari/537.36"
::ffff:127.0.0.1 - - [20/Sep/2020:04:32:11 +0000] "GET /manufactor/nguyn%20khoa%20hng%20thnh%20hong%20thy%20minh%20anh%20nguyn%20qunh%20nh/product-list/products/query?min_price=0&max_price=75791&page=1 HTTP/1.1" 304 - "http://localhost:3000/manufactor/nguyn%20khoa%20hng%20thnh%20hong%20thy%20minh%20anh%20nguyn%20qunh%20nh/products?page=1&min_price=0&max_price=75791" "Mozilla/5.0 (X11; Linux x86_64) AppleWebKit/537.36 (KHTML, like Gecko) Chrome/84.0.4147.89 Safari/537.36"
::ffff:127.0.0.1 - - [20/Sep/2020:04:33:02 +0000] "GET /auth/user HTTP/1.1" 304 - "http://localhost:3000/manufactor" "Mozilla/5.0 (X11; Linux x86_64) AppleWebKit/537.36 (KHTML, like Gecko) Chrome/84.0.4147.89 Safari/537.36"
::1 - - [20/Sep/2020:04:33:03 +0000] "GET /images/avatar-default.png HTTP/1.1" 304 - "http://localhost:3000/manufactor" "Mozilla/5.0 (X11; Linux x86_64) AppleWebKit/537.36 (KHTML, like Gecko) Chrome/84.0.4147.89 Safari/537.36"
::ffff:127.0.0.1 - - [20/Sep/2020:04:33:03 +0000] "GET /category/manufactor?page=1 HTTP/1.1" 404 41 "http://localhost:3000/manufactor" "Mozilla/5.0 (X11; Linux x86_64) AppleWebKit/537.36 (KHTML, like Gecko) Chrome/84.0.4147.89 Safari/537.36"
::ffff:127.0.0.1 - - [20/Sep/2020:04:33:06 +0000] "GET /best-seller-products HTTP/1.1" 304 - "http://localhost:3000/" "Mozilla/5.0 (X11; Linux x86_64) AppleWebKit/537.36 (KHTML, like Gecko) Chrome/84.0.4147.89 Safari/537.36"
::ffff:127.0.0.1 - - [20/Sep/2020:04:33:06 +0000] "GET /top-rated-products HTTP/1.1" 304 - "http://localhost:3000/" "Mozilla/5.0 (X11; Linux x86_64) AppleWebKit/537.36 (KHTML, like Gecko) Chrome/84.0.4147.89 Safari/537.36"
::ffff:127.0.0.1 - - [20/Sep/2020:04:33:06 +0000] "GET /category HTTP/1.1" 304 - "http://localhost:3000/" "Mozilla/5.0 (X11; Linux x86_64) AppleWebKit/537.36 (KHTML, like Gecko) Chrome/84.0.4147.89 Safari/537.36"
::ffff:127.0.0.1 - - [20/Sep/2020:04:33:06 +0000] "GET /latest-products HTTP/1.1" 304 - "http://localhost:3000/" "Mozilla/5.0 (X11; Linux x86_64) AppleWebKit/537.36 (KHTML, like Gecko) Chrome/84.0.4147.89 Safari/537.36"
::ffff:127.0.0.1 - - [20/Sep/2020:04:33:10 +0000] "GET /manufactor/samsung/product-list?page=1 HTTP/1.1" 200 1410574 "http://localhost:3000/manufactor/samsung" "Mozilla/5.0 (X11; Linux x86_64) AppleWebKit/537.36 (KHTML, like Gecko) Chrome/84.0.4147.89 Safari/537.36"
::ffff:127.0.0.1 - - [20/Sep/2020:04:34:17 +0000] "GET /auth/user HTTP/1.1" 304 - "http://localhost:3000/manufactor/samsung" "Mozilla/5.0 (X11; Linux x86_64) AppleWebKit/537.36 (KHTML, like Gecko) Chrome/84.0.4147.89 Safari/537.36"
::ffff:127.0.0.1 - - [20/Sep/2020:04:34:17 +0000] "GET /manufactor/samsung/product-list?page=1 HTTP/1.1" 304 - "http://localhost:3000/manufactor/samsung" "Mozilla/5.0 (X11; Linux x86_64) AppleWebKit/537.36 (KHTML, like Gecko) Chrome/84.0.4147.89 Safari/537.36"
::1 - - [20/Sep/2020:04:34:17 +0000] "GET /images/avatar-default.png HTTP/1.1" 304 - "http://localhost:3000/manufactor/samsung" "Mozilla/5.0 (X11; Linux x86_64) AppleWebKit/537.36 (KHTML, like Gecko) Chrome/84.0.4147.89 Safari/537.36"
::ffff:127.0.0.1 - - [20/Sep/2020:04:34:17 +0000] "GET /manufactor/samsung/product-list?page=1 HTTP/1.1" 304 - "http://localhost:3000/manufactor/samsung" "Mozilla/5.0 (X11; Linux x86_64) AppleWebKit/537.36 (KHTML, like Gecko) Chrome/84.0.4147.89 Safari/537.36"
::ffff:127.0.0.1 - - [20/Sep/2020:04:34:20 +0000] "GET /auth/user HTTP/1.1" 304 - "http://localhost:3000/manufactor/samsung" "Mozilla/5.0 (X11; Linux x86_64) AppleWebKit/537.36 (KHTML, like Gecko) Chrome/84.0.4147.89 Safari/537.36"
::ffff:127.0.0.1 - - [20/Sep/2020:04:34:20 +0000] "GET /manufactor/samsung/product-list?page=1 HTTP/1.1" 304 - "http://localhost:3000/manufactor/samsung" "Mozilla/5.0 (X11; Linux x86_64) AppleWebKit/537.36 (KHTML, like Gecko) Chrome/84.0.4147.89 Safari/537.36"
::1 - - [20/Sep/2020:04:34:21 +0000] "GET /images/avatar-default.png HTTP/1.1" 304 - "http://localhost:3000/manufactor/samsung" "Mozilla/5.0 (X11; Linux x86_64) AppleWebKit/537.36 (KHTML, like Gecko) Chrome/84.0.4147.89 Safari/537.36"
::ffff:127.0.0.1 - - [20/Sep/2020:04:34:21 +0000] "GET /manufactor/samsung/product-list?page=1 HTTP/1.1" 304 - "http://localhost:3000/manufactor/samsung" "Mozilla/5.0 (X11; Linux x86_64) AppleWebKit/537.36 (KHTML, like Gecko) Chrome/84.0.4147.89 Safari/537.36"
::ffff:127.0.0.1 - - [20/Sep/2020:04:34:59 +0000] "GET /auth/user HTTP/1.1" 304 - "http://localhost:3000/manufactor/samsung" "Mozilla/5.0 (X11; Linux x86_64) AppleWebKit/537.36 (KHTML, like Gecko) Chrome/84.0.4147.89 Safari/537.36"
::ffff:127.0.0.1 - - [20/Sep/2020:04:34:59 +0000] "GET /manufactor/samsung/product-list?page=1 HTTP/1.1" 304 - "http://localhost:3000/manufactor/samsung" "Mozilla/5.0 (X11; Linux x86_64) AppleWebKit/537.36 (KHTML, like Gecko) Chrome/84.0.4147.89 Safari/537.36"
::1 - - [20/Sep/2020:04:34:59 +0000] "GET /images/avatar-default.png HTTP/1.1" 304 - "http://localhost:3000/manufactor/samsung" "Mozilla/5.0 (X11; Linux x86_64) AppleWebKit/537.36 (KHTML, like Gecko) Chrome/84.0.4147.89 Safari/537.36"
::ffff:127.0.0.1 - - [20/Sep/2020:04:35:00 +0000] "GET /manufactor/samsung/product-list?page=1 HTTP/1.1" 304 - "http://localhost:3000/manufactor/samsung" "Mozilla/5.0 (X11; Linux x86_64) AppleWebKit/537.36 (KHTML, like Gecko) Chrome/84.0.4147.89 Safari/537.36"
::ffff:127.0.0.1 - - [20/Sep/2020:04:35:27 +0000] "GET /auth/user HTTP/1.1" 304 - "http://localhost:3000/manufactor/samsung" "Mozilla/5.0 (X11; Linux x86_64) AppleWebKit/537.36 (KHTML, like Gecko) Chrome/84.0.4147.89 Safari/537.36"
::ffff:127.0.0.1 - - [20/Sep/2020:04:35:27 +0000] "GET /manufactor/samsung/product-list?page=1 HTTP/1.1" 200 1410567 "http://localhost:3000/manufactor/samsung" "Mozilla/5.0 (X11; Linux x86_64) AppleWebKit/537.36 (KHTML, like Gecko) Chrome/84.0.4147.89 Safari/537.36"
::1 - - [20/Sep/2020:04:35:27 +0000] "GET /images/avatar-default.png HTTP/1.1" 304 - "http://localhost:3000/manufactor/samsung" "Mozilla/5.0 (X11; Linux x86_64) AppleWebKit/537.36 (KHTML, like Gecko) Chrome/84.0.4147.89 Safari/537.36"
::ffff:127.0.0.1 - - [20/Sep/2020:04:35:27 +0000] "GET /manufactor/samsung/product-list?page=1 HTTP/1.1" 304 - "http://localhost:3000/manufactor/samsung" "Mozilla/5.0 (X11; Linux x86_64) AppleWebKit/537.36 (KHTML, like Gecko) Chrome/84.0.4147.89 Safari/537.36"
::ffff:127.0.0.1 - - [20/Sep/2020:04:35:44 +0000] "GET /manufactor/nguyn%20khoa%20hng%20thnh%20hong%20thy%20minh%20anh%20nguyn%20qunh%20nh/product-list?page=1 HTTP/1.1" 304 - "http://localhost:3000/manufactor/nguyn%20khoa%20hng%20thnh%20hong%20thy%20minh%20anh%20nguyn%20qunh%20nh" "Mozilla/5.0 (X11; Linux x86_64) AppleWebKit/537.36 (KHTML, like Gecko) Chrome/84.0.4147.89 Safari/537.36"
::ffff:127.0.0.1 - - [20/Sep/2020:04:35:53 +0000] "GET /manufactor/nguyn%20khoa%20hng%20thnh%20hong%20thy%20minh%20anh%20nguyn%20qunh%20nh/product-list/products/query?min_price=0&max_price=68376&page=1 HTTP/1.1" 200 420 "http://localhost:3000/manufactor/nguyn%20khoa%20hng%20thnh%20hong%20thy%20minh%20anh%20nguyn%20qunh%20nh/products?page=1&min_price=0&max_price=68376" "Mozilla/5.0 (X11; Linux x86_64) AppleWebKit/537.36 (KHTML, like Gecko) Chrome/84.0.4147.89 Safari/537.36"
::ffff:127.0.0.1 - - [20/Sep/2020:04:37:28 +0000] "GET /auth/user HTTP/1.1" 304 - "http://localhost:3000/manufactor/nguyn%20khoa%20hng%20thnh%20hong%20thy%20minh%20anh%20nguyn%20qunh%20nh/products?page=1&min_price=0&max_price=68376" "Mozilla/5.0 (X11; Linux x86_64) AppleWebKit/537.36 (KHTML, like Gecko) Chrome/84.0.4147.89 Safari/537.36"
::ffff:127.0.0.1 - - [20/Sep/2020:04:37:28 +0000] "GET /manufactor/nguyn%20khoa%20hng%20thnh%20hong%20thy%20minh%20anh%20nguyn%20qunh%20nh/product-list/products/query?min_price=0&max_price=68376&page=1 HTTP/1.1" 304 - "http://localhost:3000/manufactor/nguyn%20khoa%20hng%20thnh%20hong%20thy%20minh%20anh%20nguyn%20qunh%20nh/products?page=1&min_price=0&max_price=68376" "Mozilla/5.0 (X11; Linux x86_64) AppleWebKit/537.36 (KHTML, like Gecko) Chrome/84.0.4147.89 Safari/537.36"
::1 - - [20/Sep/2020:04:37:28 +0000] "GET /images/avatar-default.png HTTP/1.1" 304 - "http://localhost:3000/manufactor/nguyn%20khoa%20hng%20thnh%20hong%20thy%20minh%20anh%20nguyn%20qunh%20nh/products?page=1&min_price=0&max_price=68376" "Mozilla/5.0 (X11; Linux x86_64) AppleWebKit/537.36 (KHTML, like Gecko) Chrome/84.0.4147.89 Safari/537.36"
::ffff:127.0.0.1 - - [20/Sep/2020:04:37:28 +0000] "GET /manufactor/nguyn%20khoa%20hng%20thnh%20hong%20thy%20minh%20anh%20nguyn%20qunh%20nh/product-list/products/query?min_price=0&max_price=68376&page=1 HTTP/1.1" 304 - "http://localhost:3000/manufactor/nguyn%20khoa%20hng%20thnh%20hong%20thy%20minh%20anh%20nguyn%20qunh%20nh/products?page=1&min_price=0&max_price=68376" "Mozilla/5.0 (X11; Linux x86_64) AppleWebKit/537.36 (KHTML, like Gecko) Chrome/84.0.4147.89 Safari/537.36"
::ffff:127.0.0.1 - - [20/Sep/2020:04:37:46 +0000] "GET /manufactor/nguyn%20khoa%20hng%20thnh%20hong%20thy%20minh%20anh%20nguyn%20qunh%20nh/product-list/products/query?min_price=0&max_price=68376&page=1 HTTP/1.1" 304 - "http://localhost:3000/manufactor/nguyn%20khoa%20hng%20thnh%20hong%20thy%20minh%20anh%20nguyn%20qunh%20nh/products?page=1&min_price=0&max_price=68376" "Mozilla/5.0 (X11; Linux x86_64) AppleWebKit/537.36 (KHTML, like Gecko) Chrome/84.0.4147.89 Safari/537.36"
::ffff:127.0.0.1 - - [20/Sep/2020:04:37:46 +0000] "GET /auth/user HTTP/1.1" 304 - "http://localhost:3000/manufactor/nguyn%20khoa%20hng%20thnh%20hong%20thy%20minh%20anh%20nguyn%20qunh%20nh/products?page=1&min_price=0&max_price=68376" "Mozilla/5.0 (X11; Linux x86_64) AppleWebKit/537.36 (KHTML, like Gecko) Chrome/84.0.4147.89 Safari/537.36"
::1 - - [20/Sep/2020:04:37:46 +0000] "GET /images/avatar-default.png HTTP/1.1" 304 - "http://localhost:3000/manufactor/nguyn%20khoa%20hng%20thnh%20hong%20thy%20minh%20anh%20nguyn%20qunh%20nh/products?page=1&min_price=0&max_price=68376" "Mozilla/5.0 (X11; Linux x86_64) AppleWebKit/537.36 (KHTML, like Gecko) Chrome/84.0.4147.89 Safari/537.36"
::ffff:127.0.0.1 - - [20/Sep/2020:04:37:46 +0000] "GET /manufactor/nguyn%20khoa%20hng%20thnh%20hong%20thy%20minh%20anh%20nguyn%20qunh%20nh/product-list/products/query?min_price=0&max_price=68376&page=1 HTTP/1.1" 304 - "http://localhost:3000/manufactor/nguyn%20khoa%20hng%20thnh%20hong%20thy%20minh%20anh%20nguyn%20qunh%20nh/products?page=1&min_price=0&max_price=68376" "Mozilla/5.0 (X11; Linux x86_64) AppleWebKit/537.36 (KHTML, like Gecko) Chrome/84.0.4147.89 Safari/537.36"
::ffff:127.0.0.1 - - [20/Sep/2020:04:38:04 +0000] "GET /auth/user HTTP/1.1" 304 - "http://localhost:3000/manufactor/nguyn%20khoa%20hng%20thnh%20hong%20thy%20minh%20anh%20nguyn%20qunh%20nh/products?page=1&min_price=0&max_price=68376" "Mozilla/5.0 (X11; Linux x86_64) AppleWebKit/537.36 (KHTML, like Gecko) Chrome/84.0.4147.89 Safari/537.36"
::ffff:127.0.0.1 - - [20/Sep/2020:04:38:04 +0000] "GET /manufactor/nguyn%20khoa%20hng%20thnh%20hong%20thy%20minh%20anh%20nguyn%20qunh%20nh/product-list/products/query?min_price=0&max_price=68376&page=1 HTTP/1.1" 304 - "http://localhost:3000/manufactor/nguyn%20khoa%20hng%20thnh%20hong%20thy%20minh%20anh%20nguyn%20qunh%20nh/products?page=1&min_price=0&max_price=68376" "Mozilla/5.0 (X11; Linux x86_64) AppleWebKit/537.36 (KHTML, like Gecko) Chrome/84.0.4147.89 Safari/537.36"
::1 - - [20/Sep/2020:04:38:05 +0000] "GET /images/avatar-default.png HTTP/1.1" 304 - "http://localhost:3000/manufactor/nguyn%20khoa%20hng%20thnh%20hong%20thy%20minh%20anh%20nguyn%20qunh%20nh/products?page=1&min_price=0&max_price=68376" "Mozilla/5.0 (X11; Linux x86_64) AppleWebKit/537.36 (KHTML, like Gecko) Chrome/84.0.4147.89 Safari/537.36"
::ffff:127.0.0.1 - - [20/Sep/2020:04:38:05 +0000] "GET /manufactor/nguyn%20khoa%20hng%20thnh%20hong%20thy%20minh%20anh%20nguyn%20qunh%20nh/product-list/products/query?min_price=0&max_price=68376&page=1 HTTP/1.1" 304 - "http://localhost:3000/manufactor/nguyn%20khoa%20hng%20thnh%20hong%20thy%20minh%20anh%20nguyn%20qunh%20nh/products?page=1&min_price=0&max_price=68376" "Mozilla/5.0 (X11; Linux x86_64) AppleWebKit/537.36 (KHTML, like Gecko) Chrome/84.0.4147.89 Safari/537.36"
::ffff:127.0.0.1 - - [20/Sep/2020:04:38:28 +0000] "GET /manufactor/v%20th%20mai%20phng/product-list?page=1 HTTP/1.1" 200 865914 "http://localhost:3000/manufactor/v%20th%20mai%20phng" "Mozilla/5.0 (X11; Linux x86_64) AppleWebKit/537.36 (KHTML, like Gecko) Chrome/84.0.4147.89 Safari/537.36"
::ffff:127.0.0.1 - - [20/Sep/2020:04:39:22 +0000] "GET /auth/user HTTP/1.1" 304 - "http://localhost:3000/manufactor/v%20th%20mai%20phng" "Mozilla/5.0 (X11; Linux x86_64) AppleWebKit/537.36 (KHTML, like Gecko) Chrome/84.0.4147.89 Safari/537.36"
::ffff:127.0.0.1 - - [20/Sep/2020:04:39:22 +0000] "GET /manufactor/v%20th%20mai%20phng/product-list?page=1 HTTP/1.1" 304 - "http://localhost:3000/manufactor/v%20th%20mai%20phng" "Mozilla/5.0 (X11; Linux x86_64) AppleWebKit/537.36 (KHTML, like Gecko) Chrome/84.0.4147.89 Safari/537.36"
::1 - - [20/Sep/2020:04:39:22 +0000] "GET /images/avatar-default.png HTTP/1.1" 304 - "http://localhost:3000/manufactor/v%20th%20mai%20phng" "Mozilla/5.0 (X11; Linux x86_64) AppleWebKit/537.36 (KHTML, like Gecko) Chrome/84.0.4147.89 Safari/537.36"
::ffff:127.0.0.1 - - [20/Sep/2020:04:39:22 +0000] "GET /manufactor/v%20th%20mai%20phng/product-list?page=1 HTTP/1.1" 304 - "http://localhost:3000/manufactor/v%20th%20mai%20phng" "Mozilla/5.0 (X11; Linux x86_64) AppleWebKit/537.36 (KHTML, like Gecko) Chrome/84.0.4147.89 Safari/537.36"
::ffff:127.0.0.1 - - [20/Sep/2020:04:40:35 +0000] "GET /auth/user HTTP/1.1" 304 - "http://localhost:3000/manufactor/v%20th%20mai%20phng" "Mozilla/5.0 (X11; Linux x86_64) AppleWebKit/537.36 (KHTML, like Gecko) Chrome/84.0.4147.89 Safari/537.36"
::ffff:127.0.0.1 - - [20/Sep/2020:04:40:35 +0000] "GET /manufactor/v%20th%20mai%20phng/product-list?page=1 HTTP/1.1" 200 865914 "http://localhost:3000/manufactor/v%20th%20mai%20phng" "Mozilla/5.0 (X11; Linux x86_64) AppleWebKit/537.36 (KHTML, like Gecko) Chrome/84.0.4147.89 Safari/537.36"
::1 - - [20/Sep/2020:04:40:35 +0000] "GET /images/avatar-default.png HTTP/1.1" 304 - "http://localhost:3000/manufactor/v%20th%20mai%20phng" "Mozilla/5.0 (X11; Linux x86_64) AppleWebKit/537.36 (KHTML, like Gecko) Chrome/84.0.4147.89 Safari/537.36"
::ffff:127.0.0.1 - - [20/Sep/2020:04:40:35 +0000] "GET /manufactor/v%20th%20mai%20phng/product-list?page=1 HTTP/1.1" 304 - "http://localhost:3000/manufactor/v%20th%20mai%20phng" "Mozilla/5.0 (X11; Linux x86_64) AppleWebKit/537.36 (KHTML, like Gecko) Chrome/84.0.4147.89 Safari/537.36"
::ffff:127.0.0.1 - - [20/Sep/2020:04:40:42 +0000] "GET /manufactor/v%20th%20mai%20phng/product-list/products/query?min_price=0&max_price=123056&page=1 HTTP/1.1" 200 165432 "http://localhost:3000/manufactor/v%20th%20mai%20phng/products?page=1&min_price=0&max_price=123056" "Mozilla/5.0 (X11; Linux x86_64) AppleWebKit/537.36 (KHTML, like Gecko) Chrome/84.0.4147.89 Safari/537.36"
::ffff:127.0.0.1 - - [20/Sep/2020:04:42:22 +0000] "GET /auth/user HTTP/1.1" 304 - "http://localhost:3000/manufactor/v%20th%20mai%20phng" "Mozilla/5.0 (X11; Linux x86_64) AppleWebKit/537.36 (KHTML, like Gecko) Chrome/84.0.4147.89 Safari/537.36"
::ffff:127.0.0.1 - - [20/Sep/2020:04:42:22 +0000] "GET /manufactor/v%20th%20mai%20phng/product-list?page=1 HTTP/1.1" 304 - "http://localhost:3000/manufactor/v%20th%20mai%20phng" "Mozilla/5.0 (X11; Linux x86_64) AppleWebKit/537.36 (KHTML, like Gecko) Chrome/84.0.4147.89 Safari/537.36"
::1 - - [20/Sep/2020:04:42:22 +0000] "GET /images/avatar-default.png HTTP/1.1" 304 - "http://localhost:3000/manufactor/v%20th%20mai%20phng" "Mozilla/5.0 (X11; Linux x86_64) AppleWebKit/537.36 (KHTML, like Gecko) Chrome/84.0.4147.89 Safari/537.36"
::ffff:127.0.0.1 - - [20/Sep/2020:04:42:22 +0000] "GET /manufactor/v%20th%20mai%20phng/product-list?page=1 HTTP/1.1" 304 - "http://localhost:3000/manufactor/v%20th%20mai%20phng" "Mozilla/5.0 (X11; Linux x86_64) AppleWebKit/537.36 (KHTML, like Gecko) Chrome/84.0.4147.89 Safari/537.36"
::ffff:127.0.0.1 - - [20/Sep/2020:04:43:05 +0000] "GET /manufactor/v%20th%20mai%20phng/product-list/products/query?min_price=0&max_price=127088&page=1 HTTP/1.1" 200 165432 "http://localhost:3000/manufactor/v%20th%20mai%20phng/products?page=1&min_price=0&max_price=127088" "Mozilla/5.0 (X11; Linux x86_64) AppleWebKit/537.36 (KHTML, like Gecko) Chrome/84.0.4147.89 Safari/537.36"
::ffff:127.0.0.1 - - [20/Sep/2020:04:46:53 +0000] "GET /auth/user HTTP/1.1" 304 - "http://localhost:3000/manufactor/v%20th%20mai%20phng/products?page=1&min_price=0&max_price=127088" "Mozilla/5.0 (X11; Linux x86_64) AppleWebKit/537.36 (KHTML, like Gecko) Chrome/84.0.4147.89 Safari/537.36"
::ffff:127.0.0.1 - - [20/Sep/2020:04:46:53 +0000] "GET /manufactor/v%20th%20mai%20phng/product-list/products/query?min_price=0&max_price=127088&page=1 HTTP/1.1" 304 - "http://localhost:3000/manufactor/v%20th%20mai%20phng/products?page=1&min_price=0&max_price=127088" "Mozilla/5.0 (X11; Linux x86_64) AppleWebKit/537.36 (KHTML, like Gecko) Chrome/84.0.4147.89 Safari/537.36"
::1 - - [20/Sep/2020:04:46:54 +0000] "GET /images/avatar-default.png HTTP/1.1" 304 - "http://localhost:3000/manufactor/v%20th%20mai%20phng/products?page=1&min_price=0&max_price=127088" "Mozilla/5.0 (X11; Linux x86_64) AppleWebKit/537.36 (KHTML, like Gecko) Chrome/84.0.4147.89 Safari/537.36"
::ffff:127.0.0.1 - - [20/Sep/2020:04:46:54 +0000] "GET /manufactor/v%20th%20mai%20phng/product-list/products/query?min_price=0&max_price=127088&page=1 HTTP/1.1" 304 - "http://localhost:3000/manufactor/v%20th%20mai%20phng/products?page=1&min_price=0&max_price=127088" "Mozilla/5.0 (X11; Linux x86_64) AppleWebKit/537.36 (KHTML, like Gecko) Chrome/84.0.4147.89 Safari/537.36"
::ffff:127.0.0.1 - - [20/Sep/2020:04:47:28 +0000] "GET /auth/user HTTP/1.1" 304 - "http://localhost:3000/manufactor/v%20th%20mai%20phng/products?page=1&min_price=0&max_price=127088" "Mozilla/5.0 (X11; Linux x86_64) AppleWebKit/537.36 (KHTML, like Gecko) Chrome/84.0.4147.89 Safari/537.36"
::ffff:127.0.0.1 - - [20/Sep/2020:04:47:28 +0000] "GET /manufactor/v%20th%20mai%20phng/product-list/products/query?min_price=0&max_price=127088&page=1 HTTP/1.1" 200 165432 "http://localhost:3000/manufactor/v%20th%20mai%20phng/products?page=1&min_price=0&max_price=127088" "Mozilla/5.0 (X11; Linux x86_64) AppleWebKit/537.36 (KHTML, like Gecko) Chrome/84.0.4147.89 Safari/537.36"
::1 - - [20/Sep/2020:04:47:28 +0000] "GET /images/avatar-default.png HTTP/1.1" 304 - "http://localhost:3000/manufactor/v%20th%20mai%20phng/products?page=1&min_price=0&max_price=127088" "Mozilla/5.0 (X11; Linux x86_64) AppleWebKit/537.36 (KHTML, like Gecko) Chrome/84.0.4147.89 Safari/537.36"
::ffff:127.0.0.1 - - [20/Sep/2020:04:47:28 +0000] "GET /manufactor/v%20th%20mai%20phng/product-list/products/query?min_price=0&max_price=127088&page=1 HTTP/1.1" 304 - "http://localhost:3000/manufactor/v%20th%20mai%20phng/products?page=1&min_price=0&max_price=127088" "Mozilla/5.0 (X11; Linux x86_64) AppleWebKit/537.36 (KHTML, like Gecko) Chrome/84.0.4147.89 Safari/537.36"
::ffff:127.0.0.1 - - [20/Sep/2020:04:47:54 +0000] "GET /manufactor/sirilak%20rattanasuwaj%20kannawan%20pannawan/product-list?page=1 HTTP/1.1" 200 51214 "http://localhost:3000/manufactor/sirilak%20rattanasuwaj%20kannawan%20pannawan" "Mozilla/5.0 (X11; Linux x86_64) AppleWebKit/537.36 (KHTML, like Gecko) Chrome/84.0.4147.89 Safari/537.36"
::ffff:127.0.0.1 - - [20/Sep/2020:04:48:03 +0000] "GET /manufactor/oem/product-list?page=1 HTTP/1.1" 200 1398702 "http://localhost:3000/manufactor/oem" "Mozilla/5.0 (X11; Linux x86_64) AppleWebKit/537.36 (KHTML, like Gecko) Chrome/84.0.4147.89 Safari/537.36"
::ffff:127.0.0.1 - - [20/Sep/2020:04:48:10 +0000] "GET /manufactor/oem/product-list/products/query?min_price=0&max_price=3216722&page=1 HTTP/1.1" 200 868363 "http://localhost:3000/manufactor/oem/products?page=1&min_price=0&max_price=3216722" "Mozilla/5.0 (X11; Linux x86_64) AppleWebKit/537.36 (KHTML, like Gecko) Chrome/84.0.4147.89 Safari/537.36"
::ffff:127.0.0.1 - - [20/Sep/2020:04:48:16 +0000] "GET /manufactor/oem/product-list/products/query?min_price=0&max_price=1165978&page=1 HTTP/1.1" 200 868363 "http://localhost:3000/manufactor/oem/products?page=1&min_price=0&max_price=1165978" "Mozilla/5.0 (X11; Linux x86_64) AppleWebKit/537.36 (KHTML, like Gecko) Chrome/84.0.4147.89 Safari/537.36"
::ffff:127.0.0.1 - - [20/Sep/2020:04:48:19 +0000] "GET /manufactor/oem/product-list/products/query?min_price=4165574&max_price=6491791&page=1 HTTP/1.1" 200 4928 "http://localhost:3000/manufactor/oem/products?page=1&min_price=4165574&max_price=6491791" "Mozilla/5.0 (X11; Linux x86_64) AppleWebKit/537.36 (KHTML, like Gecko) Chrome/84.0.4147.89 Safari/537.36"
::ffff:127.0.0.1 - - [20/Sep/2020:04:48:21 +0000] "GET /manufactor/oem/product-list/products/query?min_price=3216722&max_price=6491791&page=1 HTTP/1.1" 200 356188 "http://localhost:3000/manufactor/oem/products?page=1&min_price=3216722&max_price=6491791" "Mozilla/5.0 (X11; Linux x86_64) AppleWebKit/537.36 (KHTML, like Gecko) Chrome/84.0.4147.89 Safari/537.36"
::ffff:127.0.0.1 - - [20/Sep/2020:04:48:22 +0000] "GET /manufactor/oem/product-list/products/query?min_price=3216722&max_price=6491791&page=1 HTTP/1.1" 304 - "http://localhost:3000/manufactor/oem/products?page=NaN&min_price=3216722&max_price=6491791" "Mozilla/5.0 (X11; Linux x86_64) AppleWebKit/537.36 (KHTML, like Gecko) Chrome/84.0.4147.89 Safari/537.36"
::ffff:127.0.0.1 - - [20/Sep/2020:04:48:24 +0000] "GET /manufactor/oem/product-list/products/query?min_price=3216722&max_price=6876784&page=1 HTTP/1.1" 200 421055 "http://localhost:3000/manufactor/oem/products?page=1&min_price=3216722&max_price=6876784" "Mozilla/5.0 (X11; Linux x86_64) AppleWebKit/537.36 (KHTML, like Gecko) Chrome/84.0.4147.89 Safari/537.36"
::ffff:127.0.0.1 - - [20/Sep/2020:04:48:34 +0000] "GET /manufactor/oem/product-list/products/query?min_price=798681&max_price=6876784&page=1 HTTP/1.1" 200 421055 "http://localhost:3000/manufactor/oem/products?page=1&min_price=798681&max_price=6876784" "Mozilla/5.0 (X11; Linux x86_64) AppleWebKit/537.36 (KHTML, like Gecko) Chrome/84.0.4147.89 Safari/537.36"
::ffff:127.0.0.1 - - [20/Sep/2020:04:48:36 +0000] "GET /manufactor/oem/product-list/products/query?min_price=0&max_price=6876784&page=1 HTTP/1.1" 200 1203660 "http://localhost:3000/manufactor/oem/products?page=1&min_price=0&max_price=6876784" "Mozilla/5.0 (X11; Linux x86_64) AppleWebKit/537.36 (KHTML, like Gecko) Chrome/84.0.4147.89 Safari/537.36"
::ffff:127.0.0.1 - - [20/Sep/2020:04:48:39 +0000] "GET /manufactor/oem/product-list/products/query?min_price=0&max_price=6876784&page=2 HTTP/1.1" 200 715291 "http://localhost:3000/manufactor/oem/products?page=2&min_price=0&max_price=6876784" "Mozilla/5.0 (X11; Linux x86_64) AppleWebKit/537.36 (KHTML, like Gecko) Chrome/84.0.4147.89 Safari/537.36"
::ffff:127.0.0.1 - - [20/Sep/2020:04:49:50 +0000] "GET /auth/user HTTP/1.1" 304 - "http://localhost:3000/manufactor/oem/products?page=2&min_price=0&max_price=6876784" "Mozilla/5.0 (X11; Linux x86_64) AppleWebKit/537.36 (KHTML, like Gecko) Chrome/84.0.4147.89 Safari/537.36"
::ffff:127.0.0.1 - - [20/Sep/2020:04:49:50 +0000] "GET /manufactor/oem/product-list/products/query?min_price=0&max_price=6876784&page=2 HTTP/1.1" 304 - "http://localhost:3000/manufactor/oem/products?page=2&min_price=0&max_price=6876784" "Mozilla/5.0 (X11; Linux x86_64) AppleWebKit/537.36 (KHTML, like Gecko) Chrome/84.0.4147.89 Safari/537.36"
::1 - - [20/Sep/2020:04:49:51 +0000] "GET /images/avatar-default.png HTTP/1.1" 304 - "http://localhost:3000/manufactor/oem/products?page=2&min_price=0&max_price=6876784" "Mozilla/5.0 (X11; Linux x86_64) AppleWebKit/537.36 (KHTML, like Gecko) Chrome/84.0.4147.89 Safari/537.36"
::ffff:127.0.0.1 - - [20/Sep/2020:04:49:51 +0000] "GET /manufactor/oem/product-list/products/query?min_price=0&max_price=6876784&page=2 HTTP/1.1" 304 - "http://localhost:3000/manufactor/oem/products?page=2&min_price=0&max_price=6876784" "Mozilla/5.0 (X11; Linux x86_64) AppleWebKit/537.36 (KHTML, like Gecko) Chrome/84.0.4147.89 Safari/537.36"
::ffff:127.0.0.1 - - [20/Sep/2020:04:50:06 +0000] "GET /auth/user HTTP/1.1" 304 - "http://localhost:3000/manufactor/oem/products?page=2&min_price=0&max_price=6876784" "Mozilla/5.0 (X11; Linux x86_64) AppleWebKit/537.36 (KHTML, like Gecko) Chrome/84.0.4147.89 Safari/537.36"
::ffff:127.0.0.1 - - [20/Sep/2020:04:50:06 +0000] "GET /manufactor/oem/product-list/products/query?min_price=0&max_price=6876784&page=2 HTTP/1.1" 304 - "http://localhost:3000/manufactor/oem/products?page=2&min_price=0&max_price=6876784" "Mozilla/5.0 (X11; Linux x86_64) AppleWebKit/537.36 (KHTML, like Gecko) Chrome/84.0.4147.89 Safari/537.36"
::1 - - [20/Sep/2020:04:50:06 +0000] "GET /images/avatar-default.png HTTP/1.1" 304 - "http://localhost:3000/manufactor/oem/products?page=2&min_price=0&max_price=6876784" "Mozilla/5.0 (X11; Linux x86_64) AppleWebKit/537.36 (KHTML, like Gecko) Chrome/84.0.4147.89 Safari/537.36"
::ffff:127.0.0.1 - - [20/Sep/2020:04:50:07 +0000] "GET /manufactor/oem/product-list/products/query?min_price=0&max_price=6876784&page=2 HTTP/1.1" 304 - "http://localhost:3000/manufactor/oem/products?page=2&min_price=0&max_price=6876784" "Mozilla/5.0 (X11; Linux x86_64) AppleWebKit/537.36 (KHTML, like Gecko) Chrome/84.0.4147.89 Safari/537.36"
::ffff:127.0.0.1 - - [20/Sep/2020:04:50:11 +0000] "GET /manufactor/oem/product-list/products/query?min_price=0&max_price=3675844&page=1 HTTP/1.1" 200 1203660 "http://localhost:3000/manufactor/oem/products?page=1&min_price=0&max_price=3675844" "Mozilla/5.0 (X11; Linux x86_64) AppleWebKit/537.36 (KHTML, like Gecko) Chrome/84.0.4147.89 Safari/537.36"
::ffff:127.0.0.1 - - [20/Sep/2020:04:50:14 +0000] "GET /manufactor/oem/product-list/products/query?min_price=0&max_price=3675844&page=3 HTTP/1.1" 200 446902 "http://localhost:3000/manufactor/oem/products?page=3&min_price=0&max_price=3675844" "Mozilla/5.0 (X11; Linux x86_64) AppleWebKit/537.36 (KHTML, like Gecko) Chrome/84.0.4147.89 Safari/537.36"
::ffff:127.0.0.1 - - [20/Sep/2020:04:50:16 +0000] "GET /manufactor/oem/product-list/products/query?min_price=0&max_price=3675844&page=4 HTTP/1.1" 200 133129 "http://localhost:3000/manufactor/oem/products?page=4&min_price=0&max_price=3675844" "Mozilla/5.0 (X11; Linux x86_64) AppleWebKit/537.36 (KHTML, like Gecko) Chrome/84.0.4147.89 Safari/537.36"
::ffff:127.0.0.1 - - [20/Sep/2020:04:50:22 +0000] "GET /category/electronics-refrigerations?page=1 HTTP/1.1" 200 4391299 "http://localhost:3000/electronics-refrigerations" "Mozilla/5.0 (X11; Linux x86_64) AppleWebKit/537.36 (KHTML, like Gecko) Chrome/84.0.4147.89 Safari/537.36"
::ffff:127.0.0.1 - - [20/Sep/2020:04:50:29 +0000] "GET /category/electronics-refrigerations/products/query?min_price=0&max_price=18356344&page=1 HTTP/1.1" 200 219305 "http://localhost:3000/electronics-refrigerations/products?page=1&min_price=0&max_price=18356344" "Mozilla/5.0 (X11; Linux x86_64) AppleWebKit/537.36 (KHTML, like Gecko) Chrome/84.0.4147.89 Safari/537.36"
::ffff:127.0.0.1 - - [20/Sep/2020:04:52:47 +0000] "GET /auth/user HTTP/1.1" 304 - "http://localhost:3000/manufactor/oem" "Mozilla/5.0 (X11; Linux x86_64) AppleWebKit/537.36 (KHTML, like Gecko) Chrome/84.0.4147.89 Safari/537.36"
::ffff:127.0.0.1 - - [20/Sep/2020:04:52:47 +0000] "GET /manufactor/oem/product-list?page=1 HTTP/1.1" 304 - "http://localhost:3000/manufactor/oem" "Mozilla/5.0 (X11; Linux x86_64) AppleWebKit/537.36 (KHTML, like Gecko) Chrome/84.0.4147.89 Safari/537.36"
::1 - - [20/Sep/2020:04:52:47 +0000] "GET /images/avatar-default.png HTTP/1.1" 304 - "http://localhost:3000/manufactor/oem" "Mozilla/5.0 (X11; Linux x86_64) AppleWebKit/537.36 (KHTML, like Gecko) Chrome/84.0.4147.89 Safari/537.36"
::ffff:127.0.0.1 - - [20/Sep/2020:04:52:47 +0000] "GET /manufactor/oem/product-list?page=1 HTTP/1.1" 304 - "http://localhost:3000/manufactor/oem" "Mozilla/5.0 (X11; Linux x86_64) AppleWebKit/537.36 (KHTML, like Gecko) Chrome/84.0.4147.89 Safari/537.36"
::ffff:127.0.0.1 - - [20/Sep/2020:04:52:52 +0000] "GET /category/electronics-refrigerations?page=1 HTTP/1.1" 304 - "http://localhost:3000/electronics-refrigerations" "Mozilla/5.0 (X11; Linux x86_64) AppleWebKit/537.36 (KHTML, like Gecko) Chrome/84.0.4147.89 Safari/537.36"
::ffff:127.0.0.1 - - [20/Sep/2020:04:53:04 +0000] "GET /manufactor/oem/product-list?page=1 HTTP/1.1" 304 - "http://localhost:3000/manufactor/oem" "Mozilla/5.0 (X11; Linux x86_64) AppleWebKit/537.36 (KHTML, like Gecko) Chrome/84.0.4147.89 Safari/537.36"
::ffff:127.0.0.1 - - [20/Sep/2020:04:53:10 +0000] "GET /category/electronics-refrigerations?page=1 HTTP/1.1" 304 - "http://localhost:3000/electronics-refrigerations" "Mozilla/5.0 (X11; Linux x86_64) AppleWebKit/537.36 (KHTML, like Gecko) Chrome/84.0.4147.89 Safari/537.36"
::ffff:127.0.0.1 - - [20/Sep/2020:04:53:14 +0000] "GET /category/electronics-refrigerations/products/query?min_price=0&max_price=19834897&page=1 HTTP/1.1" 200 219305 "http://localhost:3000/electronics-refrigerations/products?page=1&min_price=0&max_price=19834897" "Mozilla/5.0 (X11; Linux x86_64) AppleWebKit/537.36 (KHTML, like Gecko) Chrome/84.0.4147.89 Safari/537.36"
::ffff:127.0.0.1 - - [20/Sep/2020:04:53:16 +0000] "GET /category/electronics-refrigerations/products/query?min_price=0&max_price=19834897&page=3 HTTP/1.1" 200 226802 "http://localhost:3000/electronics-refrigerations/products?page=3&min_price=0&max_price=19834897" "Mozilla/5.0 (X11; Linux x86_64) AppleWebKit/537.36 (KHTML, like Gecko) Chrome/84.0.4147.89 Safari/537.36"
::ffff:127.0.0.1 - - [20/Sep/2020:04:53:20 +0000] "GET /manufactor/oem/product-list?page=1 HTTP/1.1" 304 - "http://localhost:3000/manufactor/oem" "Mozilla/5.0 (X11; Linux x86_64) AppleWebKit/537.36 (KHTML, like Gecko) Chrome/84.0.4147.89 Safari/537.36"
::ffff:127.0.0.1 - - [20/Sep/2020:04:53:23 +0000] "GET /manufactor/oem/product-list/products/query?min_price=0&max_price=5379292&page=1 HTTP/1.1" 200 1203660 "http://localhost:3000/manufactor/oem/products?page=1&min_price=0&max_price=5379292" "Mozilla/5.0 (X11; Linux x86_64) AppleWebKit/537.36 (KHTML, like Gecko) Chrome/84.0.4147.89 Safari/537.36"
::ffff:127.0.0.1 - - [20/Sep/2020:04:53:26 +0000] "GET /manufactor/oem/product-list/products/query?min_price=0&max_price=5379292&page=3 HTTP/1.1" 200 446902 "http://localhost:3000/manufactor/oem/products?page=3&min_price=0&max_price=5379292" "Mozilla/5.0 (X11; Linux x86_64) AppleWebKit/537.36 (KHTML, like Gecko) Chrome/84.0.4147.89 Safari/537.36"
::ffff:127.0.0.1 - - [20/Sep/2020:16:00:46 +0000] "GET /top-rated-products HTTP/1.1" 200 443831 "http://localhost:3000/" "Mozilla/5.0 (X11; Linux x86_64) AppleWebKit/537.36 (KHTML, like Gecko) Chrome/84.0.4147.89 Safari/537.36"
::ffff:127.0.0.1 - - [20/Sep/2020:16:00:46 +0000] "GET /best-seller-products HTTP/1.1" 200 409866 "http://localhost:3000/" "Mozilla/5.0 (X11; Linux x86_64) AppleWebKit/537.36 (KHTML, like Gecko) Chrome/84.0.4147.89 Safari/537.36"
::ffff:127.0.0.1 - - [20/Sep/2020:16:00:47 +0000] "GET /latest-products HTTP/1.1" 200 2115687 "http://localhost:3000/" "Mozilla/5.0 (X11; Linux x86_64) AppleWebKit/537.36 (KHTML, like Gecko) Chrome/84.0.4147.89 Safari/537.36"
::ffff:127.0.0.1 - - [20/Sep/2020:16:00:47 +0000] "GET /category HTTP/1.1" 200 5127030 "http://localhost:3000/" "Mozilla/5.0 (X11; Linux x86_64) AppleWebKit/537.36 (KHTML, like Gecko) Chrome/84.0.4147.89 Safari/537.36"
::ffff:127.0.0.1 - - [20/Sep/2020:16:03:37 +0000] "GET /category/electronics-refrigerations/product-type/smart-tv?page=1 HTTP/1.1" 200 1339124 "http://localhost:3000/electronics-refrigerations/smart-tv" "Mozilla/5.0 (X11; Linux x86_64) AppleWebKit/537.36 (KHTML, like Gecko) Chrome/84.0.4147.89 Safari/537.36"
::ffff:127.0.0.1 - - [20/Sep/2020:16:03:44 +0000] "GET /category/electronics-refrigerations/product-type/smart-tv/products/query?min_price=12879861&max_price=27990000&page=1 HTTP/1.1" 200 10881 "http://localhost:3000/electronics-refrigerations/smart-tv/products?page=1&min_price=12879861&max_price=27990000" "Mozilla/5.0 (X11; Linux x86_64) AppleWebKit/537.36 (KHTML, like Gecko) Chrome/84.0.4147.89 Safari/537.36"
::ffff:127.0.0.1 - - [20/Sep/2020:16:03:50 +0000] "GET /category/fashion-accessories?page=1 HTTP/1.1" 200 1710250 "http://localhost:3000/fashion-accessories" "Mozilla/5.0 (X11; Linux x86_64) AppleWebKit/537.36 (KHTML, like Gecko) Chrome/84.0.4147.89 Safari/537.36"
::ffff:127.0.0.1 - - [20/Sep/2020:16:04:08 +0000] "GET /fashion-accessories/men/product-group/o%20thun%20nam?page=1 HTTP/1.1" 200 4089112 "http://localhost:3000/fashion-accessories/men/product-group/o%20thun%20nam" "Mozilla/5.0 (X11; Linux x86_64) AppleWebKit/537.36 (KHTML, like Gecko) Chrome/84.0.4147.89 Safari/537.36"
::ffff:127.0.0.1 - - [20/Sep/2020:16:05:21 +0000] "GET /fashion-accessories/men/product-group/o%20thun%20nam?page=1 HTTP/1.1" 304 - "http://localhost:3000/fashion-accessories/men/product-group/o%20thun%20nam" "Mozilla/5.0 (X11; Linux x86_64) AppleWebKit/537.36 (KHTML, like Gecko) Chrome/84.0.4147.89 Safari/537.36"
::ffff:127.0.0.1 - - [20/Sep/2020:16:08:01 +0000] "GET /fashion-accessories/men/product-group/o%20thun%20nam?page=1 HTTP/1.1" 304 - "http://localhost:3000/fashion-accessories/men/product-group/o%20thun%20nam" "Mozilla/5.0 (X11; Linux x86_64) AppleWebKit/537.36 (KHTML, like Gecko) Chrome/84.0.4147.89 Safari/537.36"
::ffff:127.0.0.1 - - [20/Sep/2020:16:08:36 +0000] "GET /fashion-accessories/men/product-group/o%20thun%20nam?page=1 HTTP/1.1" 304 - "http://localhost:3000/fashion-accessories/men/product-group/o%20thun%20nam" "Mozilla/5.0 (X11; Linux x86_64) AppleWebKit/537.36 (KHTML, like Gecko) Chrome/84.0.4147.89 Safari/537.36"
::ffff:127.0.0.1 - - [20/Sep/2020:16:09:09 +0000] "GET /fashion-accessories/men/product-group/o%20thun%20nam?page=1 HTTP/1.1" 304 - "http://localhost:3000/fashion-accessories/men/product-group/o%20thun%20nam" "Mozilla/5.0 (X11; Linux x86_64) AppleWebKit/537.36 (KHTML, like Gecko) Chrome/84.0.4147.89 Safari/537.36"
::ffff:127.0.0.1 - - [20/Sep/2020:16:09:36 +0000] "GET /fashion-accessories/men/product-group/o%20thun%20nam?page=1 HTTP/1.1" 304 - "http://localhost:3000/fashion-accessories/men/product-group/o%20thun%20nam" "Mozilla/5.0 (X11; Linux x86_64) AppleWebKit/537.36 (KHTML, like Gecko) Chrome/84.0.4147.89 Safari/537.36"
::ffff:127.0.0.1 - - [20/Sep/2020:16:10:11 +0000] "GET /fashion-accessories/men/product-group/o%20thun%20nam?page=1 HTTP/1.1" 304 - "http://localhost:3000/fashion-accessories/men/product-group/o%20thun%20nam" "Mozilla/5.0 (X11; Linux x86_64) AppleWebKit/537.36 (KHTML, like Gecko) Chrome/84.0.4147.89 Safari/537.36"
::ffff:127.0.0.1 - - [20/Sep/2020:16:12:17 +0000] "GET /fashion-accessories/men/product-group/o%20thun%20nam?page=1 HTTP/1.1" 304 - "http://localhost:3000/fashion-accessories/men/product-group/o%20thun%20nam" "Mozilla/5.0 (X11; Linux x86_64) AppleWebKit/537.36 (KHTML, like Gecko) Chrome/84.0.4147.89 Safari/537.36"
::ffff:127.0.0.1 - - [20/Sep/2020:16:13:22 +0000] "GET /fashion-accessories/men/product-group/o%20thun%20nam?page=1 HTTP/1.1" 304 - "http://localhost:3000/fashion-accessories/men/product-group/o%20thun%20nam" "Mozilla/5.0 (X11; Linux x86_64) AppleWebKit/537.36 (KHTML, like Gecko) Chrome/84.0.4147.89 Safari/537.36"
::ffff:127.0.0.1 - - [20/Sep/2020:16:15:03 +0000] "GET /fashion-accessories/men/product-group/o%20thun%20nam?page=1 HTTP/1.1" 304 - "http://localhost:3000/fashion-accessories/men/product-group/o%20thun%20nam" "Mozilla/5.0 (X11; Linux x86_64) AppleWebKit/537.36 (KHTML, like Gecko) Chrome/84.0.4147.89 Safari/537.36"
::ffff:127.0.0.1 - - [20/Sep/2020:16:15:14 +0000] "GET /fashion-accessories/men/product-group/o%20thun%20nam?page=1 HTTP/1.1" 304 - "http://localhost:3000/fashion-accessories/men/product-group/o%20thun%20nam" "Mozilla/5.0 (X11; Linux x86_64) AppleWebKit/537.36 (KHTML, like Gecko) Chrome/84.0.4147.89 Safari/537.36"
::ffff:127.0.0.1 - - [20/Sep/2020:16:15:55 +0000] "GET /fashion-accessories/men/product-group/o%20thun%20nam?page=1 HTTP/1.1" 304 - "http://localhost:3000/fashion-accessories/men/product-group/o%20thun%20nam" "Mozilla/5.0 (X11; Linux x86_64) AppleWebKit/537.36 (KHTML, like Gecko) Chrome/84.0.4147.89 Safari/537.36"
::ffff:127.0.0.1 - - [20/Sep/2020:16:16:05 +0000] "GET /fashion-accessories/men/product-group/o%20thun%20nam?page=1 HTTP/1.1" 304 - "http://localhost:3000/fashion-accessories/men/product-group/o%20thun%20nam" "Mozilla/5.0 (X11; Linux x86_64) AppleWebKit/537.36 (KHTML, like Gecko) Chrome/84.0.4147.89 Safari/537.36"
::ffff:127.0.0.1 - - [20/Sep/2020:16:30:06 +0000] "GET /fashion-accessories/men/product-group/o%20thun%20nam?page=1 HTTP/1.1" 304 - "http://localhost:3000/fashion-accessories/men/product-group/o%20thun%20nam" "Mozilla/5.0 (X11; Linux x86_64) AppleWebKit/537.36 (KHTML, like Gecko) Chrome/84.0.4147.89 Safari/537.36"
::ffff:127.0.0.1 - - [20/Sep/2020:16:33:10 +0000] "GET /fashion-accessories/men/product-group/o%20thun%20nam?page=1 HTTP/1.1" 304 - "http://localhost:3000/fashion-accessories/men/product-group/o%20thun%20nam" "Mozilla/5.0 (X11; Linux x86_64) AppleWebKit/537.36 (KHTML, like Gecko) Chrome/84.0.4147.89 Safari/537.36"
::ffff:127.0.0.1 - - [20/Sep/2020:16:33:16 +0000] "GET /fashion-accessories/men/product-group/o%20thun%20nam/products?page=1 HTTP/1.1" 200 4088956 "http://localhost:3000/fashion-accessories/men/product-group/o%20thun%20nam/products?page=1&min_price=0&max_price=194713" "Mozilla/5.0 (X11; Linux x86_64) AppleWebKit/537.36 (KHTML, like Gecko) Chrome/84.0.4147.89 Safari/537.36"
::ffff:127.0.0.1 - - [20/Sep/2020:16:34:31 +0000] "GET /fashion-accessories/men/product-group/o%20thun%20nam?page=1 HTTP/1.1" 304 - "http://localhost:3000/fashion-accessories/men/product-group/o%20thun%20nam/products?page=1&min_price=0&max_price=194713" "Mozilla/5.0 (X11; Linux x86_64) AppleWebKit/537.36 (KHTML, like Gecko) Chrome/84.0.4147.89 Safari/537.36"
::ffff:127.0.0.1 - - [20/Sep/2020:16:37:36 +0000] "GET /fashion-accessories/men/product-group/o%20thun%20nam/products/query?min_price=0&max_price=194713&page=1 HTTP/1.1" 404 206 "http://localhost:3000/fashion-accessories/men/product-group/o%20thun%20nam/products?page=1&min_price=0&max_price=194713" "Mozilla/5.0 (X11; Linux x86_64) AppleWebKit/537.36 (KHTML, like Gecko) Chrome/84.0.4147.89 Safari/537.36"
::ffff:127.0.0.1 - - [20/Sep/2020:16:41:58 +0000] "GET /fashion-accessories/men/product-group/o%20thun%20nam/products/query?min_price=0&max_price=194713&page=1 HTTP/1.1" 404 206 "http://localhost:3000/fashion-accessories/men/product-group/o%20thun%20nam/products?page=1&min_price=0&max_price=194713" "Mozilla/5.0 (X11; Linux x86_64) AppleWebKit/537.36 (KHTML, like Gecko) Chrome/84.0.4147.89 Safari/537.36"
::ffff:127.0.0.1 - - [20/Sep/2020:16:42:23 +0000] "GET /fashion-accessories/men/product-group/o%20thun%20nam/products/query?min_price=0&max_price=194713&page=1 HTTP/1.1" 404 206 "http://localhost:3000/fashion-accessories/men/product-group/o%20thun%20nam/products?page=1&min_price=0&max_price=194713" "Mozilla/5.0 (X11; Linux x86_64) AppleWebKit/537.36 (KHTML, like Gecko) Chrome/84.0.4147.89 Safari/537.36"
::ffff:127.0.0.1 - - [20/Sep/2020:16:43:04 +0000] "GET /fashion-accessories/men/product-group/o%20thun%20nam/products/query?min_price=0&max_price=194713&page=1 HTTP/1.1" 404 206 "http://localhost:3000/fashion-accessories/men/product-group/o%20thun%20nam/products?page=1&min_price=0&max_price=194713" "Mozilla/5.0 (X11; Linux x86_64) AppleWebKit/537.36 (KHTML, like Gecko) Chrome/84.0.4147.89 Safari/537.36"
::ffff:127.0.0.1 - - [20/Sep/2020:16:43:57 +0000] "GET /fashion-accessories/men/product-group/o%20thun%20nam/products/query?min_price=0&max_price=194713&page=1 HTTP/1.1" 404 206 "http://localhost:3000/fashion-accessories/men/product-group/o%20thun%20nam/products?page=1&min_price=0&max_price=194713" "Mozilla/5.0 (X11; Linux x86_64) AppleWebKit/537.36 (KHTML, like Gecko) Chrome/84.0.4147.89 Safari/537.36"
::ffff:127.0.0.1 - - [20/Sep/2020:16:45:37 +0000] "GET /fashion-accessories/men/product-group/o%20thun%20nam/products/query?min_price=0&max_price=194713&page=1 HTTP/1.1" 404 206 "http://localhost:3000/fashion-accessories/men/product-group/o%20thun%20nam/products?page=1&min_price=0&max_price=194713" "Mozilla/5.0 (X11; Linux x86_64) AppleWebKit/537.36 (KHTML, like Gecko) Chrome/84.0.4147.89 Safari/537.36"
::ffff:127.0.0.1 - - [20/Sep/2020:16:45:54 +0000] "GET /fashion-accessories/men/product-group/o%20thun%20nam?page=1 HTTP/1.1" 304 - "http://localhost:3000/fashion-accessories/men/product-group/o%20thun%20nam" "Mozilla/5.0 (X11; Linux x86_64) AppleWebKit/537.36 (KHTML, like Gecko) Chrome/84.0.4147.89 Safari/537.36"
::ffff:127.0.0.1 - - [20/Sep/2020:16:46:21 +0000] "GET /fashion-accessories/men/product-group/o%20thun%20nam?page=1 HTTP/1.1" 304 - "http://localhost:3000/fashion-accessories/men/product-group/o%20thun%20nam" "Mozilla/5.0 (X11; Linux x86_64) AppleWebKit/537.36 (KHTML, like Gecko) Chrome/84.0.4147.89 Safari/537.36"
::ffff:127.0.0.1 - - [20/Sep/2020:16:47:11 +0000] "GET /fashion-accessories/men/product-group/o%20thun%20nam?page=1 HTTP/1.1" 304 - "http://localhost:3000/fashion-accessories/men/product-group/o%20thun%20nam" "Mozilla/5.0 (X11; Linux x86_64) AppleWebKit/537.36 (KHTML, like Gecko) Chrome/84.0.4147.89 Safari/537.36"
::ffff:127.0.0.1 - - [20/Sep/2020:16:47:14 +0000] "GET /fashion-accessories/men/product-group/o%20thun%20nam/products/query?min_price=0&max_price=213244&page=1 HTTP/1.1" 404 206 "http://localhost:3000/fashion-accessories/men/product-group/o%20thun%20nam/products?page=1&min_price=0&max_price=213244" "Mozilla/5.0 (X11; Linux x86_64) AppleWebKit/537.36 (KHTML, like Gecko) Chrome/84.0.4147.89 Safari/537.36"
::ffff:127.0.0.1 - - [20/Sep/2020:16:47:47 +0000] "GET /latest-products HTTP/1.1" 304 - "http://localhost:3000/" "Mozilla/5.0 (X11; Linux x86_64) AppleWebKit/537.36 (KHTML, like Gecko) Chrome/84.0.4147.89 Safari/537.36"
::ffff:127.0.0.1 - - [20/Sep/2020:16:47:47 +0000] "GET /best-seller-products HTTP/1.1" 304 - "http://localhost:3000/" "Mozilla/5.0 (X11; Linux x86_64) AppleWebKit/537.36 (KHTML, like Gecko) Chrome/84.0.4147.89 Safari/537.36"
::ffff:127.0.0.1 - - [20/Sep/2020:16:47:47 +0000] "GET /top-rated-products HTTP/1.1" 304 - "http://localhost:3000/" "Mozilla/5.0 (X11; Linux x86_64) AppleWebKit/537.36 (KHTML, like Gecko) Chrome/84.0.4147.89 Safari/537.36"
::ffff:127.0.0.1 - - [20/Sep/2020:16:47:47 +0000] "GET /category HTTP/1.1" 200 5127030 "http://localhost:3000/" "Mozilla/5.0 (X11; Linux x86_64) AppleWebKit/537.36 (KHTML, like Gecko) Chrome/84.0.4147.89 Safari/537.36"
::ffff:127.0.0.1 - - [20/Sep/2020:16:48:22 +0000] "GET /fashion-accessories/men/product-group/o%20thun%20nam/products/query?min_price=0&max_price=213244&page=1 HTTP/1.1" 404 206 "http://localhost:3000/fashion-accessories/men/product-group/o%20thun%20nam/products?page=1&min_price=0&max_price=213244" "Mozilla/5.0 (X11; Linux x86_64) AppleWebKit/537.36 (KHTML, like Gecko) Chrome/84.0.4147.89 Safari/537.36"
::ffff:127.0.0.1 - - [20/Sep/2020:16:49:19 +0000] "GET /fashion-accessories/men/product-group/o%20thun%20nam/products/query?min_price=0&max_price=213244&page=1 HTTP/1.1" 404 206 "http://localhost:3000/fashion-accessories/men/product-group/o%20thun%20nam/products?page=1&min_price=0&max_price=213244" "Mozilla/5.0 (X11; Linux x86_64) AppleWebKit/537.36 (KHTML, like Gecko) Chrome/84.0.4147.89 Safari/537.36"
::ffff:127.0.0.1 - - [20/Sep/2020:16:50:57 +0000] "GET /fashion-accessories/men/product-group/o%20thun%20nam/products/query?min_price=0&max_price=213244&page=1 HTTP/1.1" 404 206 "http://localhost:3000/fashion-accessories/men/product-group/o%20thun%20nam/products?page=1&min_price=0&max_price=213244" "Mozilla/5.0 (X11; Linux x86_64) AppleWebKit/537.36 (KHTML, like Gecko) Chrome/84.0.4147.89 Safari/537.36"
::ffff:127.0.0.1 - - [20/Sep/2020:16:51:38 +0000] "GET /fashion-accessories/men/product-group/o%20thun%20nam?page=1 HTTP/1.1" 304 - "http://localhost:3000/fashion-accessories/men/product-group/o%20thun%20nam" "Mozilla/5.0 (X11; Linux x86_64) AppleWebKit/537.36 (KHTML, like Gecko) Chrome/84.0.4147.89 Safari/537.36"
::ffff:127.0.0.1 - - [20/Sep/2020:16:51:50 +0000] "GET /fashion-accessories/men/product-group/o%20thun%20nam?page=1 HTTP/1.1" 304 - "http://localhost:3000/fashion-accessories/men/product-group/o%20thun%20nam" "Mozilla/5.0 (X11; Linux x86_64) AppleWebKit/537.36 (KHTML, like Gecko) Chrome/84.0.4147.89 Safari/537.36"
::ffff:127.0.0.1 - - [20/Sep/2020:16:52:24 +0000] "GET /category HTTP/1.1" 304 - "http://localhost:3000/" "Mozilla/5.0 (X11; Linux x86_64) AppleWebKit/537.36 (KHTML, like Gecko) Chrome/84.0.4147.89 Safari/537.36"
::ffff:127.0.0.1 - - [20/Sep/2020:16:52:24 +0000] "GET /best-seller-products HTTP/1.1" 304 - "http://localhost:3000/" "Mozilla/5.0 (X11; Linux x86_64) AppleWebKit/537.36 (KHTML, like Gecko) Chrome/84.0.4147.89 Safari/537.36"
::ffff:127.0.0.1 - - [20/Sep/2020:16:52:24 +0000] "GET /top-rated-products HTTP/1.1" 304 - "http://localhost:3000/" "Mozilla/5.0 (X11; Linux x86_64) AppleWebKit/537.36 (KHTML, like Gecko) Chrome/84.0.4147.89 Safari/537.36"
::ffff:127.0.0.1 - - [20/Sep/2020:16:52:24 +0000] "GET /latest-products HTTP/1.1" 304 - "http://localhost:3000/" "Mozilla/5.0 (X11; Linux x86_64) AppleWebKit/537.36 (KHTML, like Gecko) Chrome/84.0.4147.89 Safari/537.36"
::ffff:127.0.0.1 - - [20/Sep/2020:16:53:01 +0000] "GET /fashion-accessories/men/product-group/o%20thun%20nam/products/query?min_price=0&max_price=213244&page=1 HTTP/1.1" 404 206 "http://localhost:3000/fashion-accessories/men/product-group/o%20thun%20nam/products?page=1&min_price=0&max_price=213244" "Mozilla/5.0 (X11; Linux x86_64) AppleWebKit/537.36 (KHTML, like Gecko) Chrome/84.0.4147.89 Safari/537.36"
::ffff:127.0.0.1 - - [20/Sep/2020:16:53:11 +0000] "GET /fashion-accessories/men/product-group/o%20thun%20nam?page=1 HTTP/1.1" 200 869783 "http://localhost:3000/fashion-accessories/men/product-group/o%20thun%20nam" "Mozilla/5.0 (X11; Linux x86_64) AppleWebKit/537.36 (KHTML, like Gecko) Chrome/84.0.4147.89 Safari/537.36"
::ffff:127.0.0.1 - - [20/Sep/2020:16:53:14 +0000] "GET /fashion-accessories/men/product-group/o%20thun%20nam/products?page=2 HTTP/1.1" 200 1517420 "http://localhost:3000/fashion-accessories/men/product-group/o%20thun%20nam/products?page=2" "Mozilla/5.0 (X11; Linux x86_64) AppleWebKit/537.36 (KHTML, like Gecko) Chrome/84.0.4147.89 Safari/537.36"
::ffff:127.0.0.1 - - [20/Sep/2020:16:53:16 +0000] "GET /fashion-accessories/men/product-group/o%20thun%20nam/products?page=3 HTTP/1.1" 200 1701911 "http://localhost:3000/fashion-accessories/men/product-group/o%20thun%20nam/products?page=3" "Mozilla/5.0 (X11; Linux x86_64) AppleWebKit/537.36 (KHTML, like Gecko) Chrome/84.0.4147.89 Safari/537.36"
::ffff:127.0.0.1 - - [20/Sep/2020:16:53:35 +0000] "GET /fashion-accessories/men/product-group/o%20thun%20nam?page=3 HTTP/1.1" 200 1702067 "http://localhost:3000/fashion-accessories/men/product-group/o%20thun%20nam/products?page=3" "Mozilla/5.0 (X11; Linux x86_64) AppleWebKit/537.36 (KHTML, like Gecko) Chrome/84.0.4147.89 Safari/537.36"
::ffff:127.0.0.1 - - [20/Sep/2020:16:53:53 +0000] "GET /fashion-accessories/men/product-group/o%20thun%20nam/products/query?min_price=0&max_price=279536&page=1 HTTP/1.1" 200 869783 "http://localhost:3000/fashion-accessories/men/product-group/o%20thun%20nam/products?page=1&min_price=0&max_price=279536" "Mozilla/5.0 (X11; Linux x86_64) AppleWebKit/537.36 (KHTML, like Gecko) Chrome/84.0.4147.89 Safari/537.36"
::ffff:127.0.0.1 - - [20/Sep/2020:16:56:55 +0000] "GET /fashion-accessories/men/product-group/o%20thun%20nam/products/query?min_price=54889&max_price=279536&page=1 HTTP/1.1" 200 383820 "http://localhost:3000/fashion-accessories/men/product-group/o%20thun%20nam/products?page=1&min_price=54889&max_price=279536" "Mozilla/5.0 (X11; Linux x86_64) AppleWebKit/537.36 (KHTML, like Gecko) Chrome/84.0.4147.89 Safari/537.36"
::ffff:127.0.0.1 - - [20/Sep/2020:16:57:00 +0000] "GET /fashion-accessories/men/product-group/o%20thun%20nam/products/query?min_price=54889&max_price=279536&page=2 HTTP/1.1" 200 167688 "http://localhost:3000/fashion-accessories/men/product-group/o%20thun%20nam/products?min_price=54889&max_price=279536&page=2" "Mozilla/5.0 (X11; Linux x86_64) AppleWebKit/537.36 (KHTML, like Gecko) Chrome/84.0.4147.89 Safari/537.36"
